// Jest Snapshot v1, https://goo.gl/fbAQLP

exports[`testing MainPage render with snapshot 1`] = `
<DocumentFragment>
  <button>
    Change name
  </button>
</DocumentFragment>
`;
